()
42
(1 2 3)
Here's;a:valid-name.]even[`though"it~has*special$chars&and#numb3rs!!
(q x)